// Jest Snapshot v1, https://goo.gl/fbAQLP

exports[`App should match snapshot 1`] = `
<div
  className="App"
>
  <Route
    path="/"
    render={[Function]}
  />
  <Route
    exact={true}
    path="/"
    render={[Function]}
  />
  <Route
    exact={true}
    path="/trails/:location"
    render={[Function]}
  />
  <Route
    exact={true}
    path="/shuttle/:trail"
    render={[Function]}
  />
  <Route
    exact={true}
    path="/confirmation"
    render={[Function]}
  />
</div>
`;
